[GET] https://api-zakaria.digikala.com/api/features/sdk-1aauD6mWWgx2Deg2 => [200] 
[GET] https://api-zakaria.digikala.com/api/features/sdk-1aauD6mWWgx2Deg2 => [200] 
[POST] https://tracker.digikala.com/com.snowplowanalytics.snowplow/tp2 => [200] 
[GET] https://api.digikala.com/v1/user/init/?q=%DA%86%D8%B1%D8%A7%D8%BA%20%D9%85%D8%B7%D8%A7%D9%84%D8%B9%D9%87 => [200] 
[GET] https://api.digikala.com/v1/dictionaries/?hashes%5B0%5D=&hashes%5B1%5D=&hashes%5B2%5D=&hashes%5B3%5D=&hashes%5B4%5D=&hashes%5B5%5D=&hashes%5B6%5D=&hashes%5B7%5D=&hashes%5B8%5D=&types%5B0%5D=states&types%5B1%5D=cities&types%5B2%5D=user_jobs&types%5B3%5D=mega_menu&types%5B4%5D=universal&types%5B5%5D=category_tree&types%5B6%5D=districts&types%5B7%5D=seo_content&types%5B8%5D=superapp_services => [200] 
[GET] https://api.digikala.com/v1/autocomplete/?q=%DA%86%D8%B1%D8%A7%D8%BA%20%D9%85%D8%B7%D8%A7%D9%84%D8%B9%D9%87 => [200] 
[GET] https://api.digikala.com/v1/search/?page=1&q=%DA%86%D8%B1%D8%A7%D8%BA%20%D9%85%D8%B7%D8%A7%D9%84%D8%B9%D9%87 => [200] 
[GET] https://www.digikala.com/_next/static/css/8492fc6731aeda77.css => [200] 
[POST] https://tracker.digikala.com/com.snowplowanalytics.snowplow/tp2 => [200] 
[GET] https://api.digikala.com/v1/providers-products/?page=1&q=%DA%86%D8%B1%D8%A7%D8%BA%20%D9%85%D8%B7%D8%A7%D9%84%D8%B9%D9%87 => [200] 
[GET] https://www.digikala.com/_next/static/css/23c4bfdb6a40e082.css => [200] 
[GET] https://www.digikala.com/_next/static/css/3fecf0855a865628.css => [200] 
[GET] https://www.digikala.com/_next/static/css/bc66c857e850b966.css => [200] 
[GET] https://www.digikala.com/_next/static/css/886998eedd18ed5f.css => [200] 
[GET] https://static1.intrack.ir/api/web/download/sdk/v1/intcs.wasm => [200] 
[POST] https://tracker.digikala.com/com.snowplowanalytics.snowplow/tp2 => [200] 
[POST] https://tracker.digikala.com/com.snowplowanalytics.snowplow/tp2 => [200] 
[GET] https://api-dwid.digiwiseid.com/api/v1/dwid?source=IFRAME => [200] 
[POST] https://tracker.digikala.com/com.snowplowanalytics.snowplow/tp2 => [200] 
[GET] https://api-zakaria.digikala.com/api/features/sdk-1aauD6mWWgx2Deg2 => [200] 
[GET] https://www.digikala.com/_next/static/css/f9b8885a5ce9d393.css => [200] 
[GET] https://api-dwid.digiwiseid.com/api/v1/dwid/sentinel?source=IFRAME&dwid=019c7509-8668-758c-9c62-bf74ed338a8a => [200] 
[GET] https://auth.digikala.com/realms/dk-group/protocol/openid-connect/login-status-iframe.html/init?client_id=digikala-web-public&origin=https%3A%2F%2Fwww.digikala.com => [204] 
[GET] https://www.digikala.com/_next/static/css/aa518eec1fad8a9c.css => [200] 
[GET] https://www.digikala.com/_next/static/css/d771e4b96f2ba306.css => [200] 
[GET] https://www.digikala.com/_next/static/css/fe0a76386ea152ba.css => [200] 
[GET] https://www.digikala.com/_next/static/css/bbe09c0e32795b74.css => [200] 
[GET] https://www.digikala.com/_next/static/css/8f8f04bfc988171f.css => [200] 
[GET] https://auth.digikala.com/realms/dk-group/protocol/openid-connect/login-status-iframe.html/init?client_id=digikala-web-public&origin=https%3A%2F%2Fwww.digikala.com => [204] 
[GET] https://api-zakaria.digikala.com/api/features/sdk-1aauD6mWWgx2Deg2 => [200] 
[GET] https://www.digikala.com/_next/static/css/68700aa0e5ca52fc.css => [200] 
[GET] https://www.digikala.com/_next/static/css/680fdcbbbf5e43e0.css => [200] 
[GET] https://api-dwid.digiwiseid.com/api/v1/cookies/mediaad?mediaad_id=89155d92-a45a-4b4b-8894-f9f715cf8767&dwid=019c7509-8668-758c-9c62-bf74ed338a8a&source=IFRAME => [200] 
[GET] https://api-dwid.digiwiseid.com/api/v1/cookies/mediaad?mediaad_id=89155d92-a45a-4b4b-8894-f9f715cf8767&dwid=019c7509-8668-758c-9c62-bf74ed338a8a&source=IFRAME => [200] 
[GET] https://www.digikala.com/_next/static/css/d454039900d1f7e8.css => [200] 
[GET] https://www.digikala.com/_next/static/css/9fee796509f93677.css => [200] 
[GET] https://www.digikala.com/_next/static/css/84448995f8dd502b.css => [200] 
[GET] https://www.digikala.com/_next/static/css/63f4a83dc32fd76a.css => [200] 
[GET] https://www.digikala.com/_next/static/css/b6723644fa361e4c.css => [200] 
[POST] https://www.google-analytics.com/g/collect?v=2&tid=G-QQKVTD5TG8&gtm=45je62h1v9168872879z89177059727za20gzb9177059727zd9177059727&_p=1771490074447&gcd=13l3l3l3l1l1&npa=0&dma=0&cid=2115928924.1771490085&ul=en-us&sr=1280x720&uaa=arm&uab=64&uafvl=Not%253AA-Brand%3B99.0.0.0%7CGoogle%2520Chrome%3B145.0.7632.109%7CChromium%3B145.0.7632.109&uamb=0&uam=&uap=macOS&uapv=26.1.0&uaw=0&are=1&frm=0&pscdl=noapi&_s=1&tag_exp=103116026~103200004~104527906~104528500~104684208~104684211~115938465~115938468~117455676~117455678&dl=https%3A%2F%2Fwww.digikala.com%2Fsearch%2F%3Fq%3D%25DA%2586%25D8%25B1%25D8%25A7%25D8%25BA%2B%25D9%2585%25D8%25B7%25D8%25A7%25D9%2584%25D8%25B9%25D9%2587&sid=1771490084&sct=1&seg=0&dt=%D9%81%D8%B1%D9%88%D8%B4%DA%AF%D8%A7%D9%87%20%D8%A7%DB%8C%D9%86%D8%AA%D8%B1%D9%86%D8%AA%DB%8C%20%D8%AF%DB%8C%D8%AC%DB%8C%E2%80%8C%DA%A9%D8%A7%D9%84%D8%A7&en=page_view&_fv=1&_nsi=1&_ss=1&tfd=20769 => [204] 
[POST] https://www.google-analytics.com/g/collect?v=2&tid=G-QQKVTD5TG8&gtm=45je62h1v9168872879z89177059727za20gzb9177059727zd9177059727&_p=1771490074447&gcd=13l3l3l3l1l1&npa=0&dma=0&cid=2115928924.1771490085&ul=en-us&sr=1280x720&uaa=arm&uab=64&uafvl=Not%253AA-Brand%3B99.0.0.0%7CGoogle%2520Chrome%3B145.0.7632.109%7CChromium%3B145.0.7632.109&uamb=0&uam=&uap=macOS&uapv=26.1.0&uaw=0&are=1&frm=0&pscdl=noapi&_s=1&tag_exp=103116026~103200004~104527906~104528500~104684208~104684211~115938465~115938468~117455676~117455678&dl=https%3A%2F%2Fwww.digikala.com%2Fsearch%2F%3Fq%3D%25DA%2586%25D8%25B1%25D8%25A7%25D8%25BA%2B%25D9%2585%25D8%25B7%25D8%25A7%25D9%2584%25D8%25B9%25D9%2587&sid=1771490084&sct=1&seg=0&dt=%D9%81%D8%B1%D9%88%D8%B4%DA%AF%D8%A7%D9%87%20%D8%A7%DB%8C%D9%86%D8%AA%D8%B1%D9%86%D8%AA%DB%8C%20%D8%AF%DB%8C%D8%AC%DB%8C%E2%80%8C%DA%A9%D8%A7%D9%84%D8%A7&en=page_view&_fv=1&_nsi=1&_ss=1&tfd=20769 => [204] 
[POST] https://www.google-analytics.com/g/collect?v=2&tid=G-QQKVTD5TG8&gtm=45je62h1v9168872879za20gzb9177059727zd9177059727&_p=1771490074447&gcd=13l3l3l3l1l1&npa=0&dma=0&cid=2115928924.1771490085&ul=en-us&sr=1280x720&uaa=arm&uab=64&uafvl=Not%253AA-Brand%3B99.0.0.0%7CGoogle%2520Chrome%3B145.0.7632.109%7CChromium%3B145.0.7632.109&uamb=0&uam=&uap=macOS&uapv=26.1.0&uaw=0&are=1&frm=0&pscdl=noapi&_eu=AEAAAAQ&_s=2&tag_exp=103116026~103200004~104527906~104528500~104684208~104684211~115938465~115938468~117455676~117455678&dl=https%3A%2F%2Fwww.digikala.com%2Fsearch%2F%3Fq%3D%25DA%2586%25D8%25B1%25D8%25A7%25D8%25BA%2B%25D9%2585%25D8%25B7%25D8%25A7%25D9%2584%25D8%25B9%25D9%2587&sid=1771490084&sct=1&seg=0&dt=%D9%81%D8%B1%D9%88%D8%B4%DA%AF%D8%A7%D9%87%20%D8%A7%DB%8C%D9%86%D8%AA%D8%B1%D9%86%D8%AA%DB%8C%20%D8%AF%DB%8C%D8%AC%DB%8C%E2%80%8C%DA%A9%D8%A7%D9%84%D8%A7&en=view_search_results&ep.search_term=%DA%86%D8%B1%D8%A7%D8%BA%20%D9%85%D8%B7%D8%A7%D9%84%D8%B9%D9%87&_et=16&tfd=25789 => [204] 
[POST] https://www.google-analytics.com/g/collect?v=2&tid=G-QQKVTD5TG8&gtm=45je62h1v9168872879za20gzb9177059727zd9177059727&_p=1771490074447&gcd=13l3l3l3l1l1&npa=0&dma=0&cid=2115928924.1771490085&ul=en-us&sr=1280x720&uaa=arm&uab=64&uafvl=Not%253AA-Brand%3B99.0.0.0%7CGoogle%2520Chrome%3B145.0.7632.109%7CChromium%3B145.0.7632.109&uamb=0&uam=&uap=macOS&uapv=26.1.0&uaw=0&are=1&frm=0&pscdl=noapi&_eu=AEAAAAQ&_s=2&tag_exp=103116026~103200004~104527906~104528500~104684208~104684211~115938465~115938468~117455676~117455678&dl=https%3A%2F%2Fwww.digikala.com%2Fsearch%2F%3Fq%3D%25DA%2586%25D8%25B1%25D8%25A7%25D8%25BA%2B%25D9%2585%25D8%25B7%25D8%25A7%25D9%2584%25D8%25B9%25D9%2587&sid=1771490084&sct=1&seg=0&dt=%D9%81%D8%B1%D9%88%D8%B4%DA%AF%D8%A7%D9%87%20%D8%A7%DB%8C%D9%86%D8%AA%D8%B1%D9%86%D8%AA%DB%8C%20%D8%AF%DB%8C%D8%AC%DB%8C%E2%80%8C%DA%A9%D8%A7%D9%84%D8%A7&en=view_search_results&ep.search_term=%DA%86%D8%B1%D8%A7%D8%BA%20%D9%85%D8%B7%D8%A7%D9%84%D8%B9%D9%87&_et=16&tfd=25789 => [204] 